// Jest Snapshot v1, https://goo.gl/fbAQLP

exports[`Unit:Molecule Footer checks against snapshot 1`] = `
{
  "asFragment": [Function],
  "baseElement": <body>
    <div>
      <footer
        class="bg-gray-100 text-[#0168B4]"
        role="pageFooter"
      >
        <div
          class="container mx-auto py-8 text-xs text-center"
        >
          <div>
            <p
              class="mb-4"
            >
              Lorem ipsum dolor sit amet.
            </p>
          </div>
          <p
            class="mt-4 leading-5"
          >
            © 
            2023
             Domestic & General Group Limited
          </p>
        </div>
      </footer>
    </div>
  </body>,
  "container": <div>
    <footer
      class="bg-gray-100 text-[#0168B4]"
      role="pageFooter"
    >
      <div
        class="container mx-auto py-8 text-xs text-center"
      >
        <div>
          <p
            class="mb-4"
          >
            Lorem ipsum dolor sit amet.
          </p>
        </div>
        <p
          class="mt-4 leading-5"
        >
          © 
          2023
           Domestic & General Group Limited
        </p>
      </div>
    </footer>
  </div>,
  "debug": [Function],
  "findAllByAltText": [Function],
  "findAllByDisplayValue": [Function],
  "findAllByLabelText": [Function],
  "findAllByPlaceholderText": [Function],
  "findAllByRole": [Function],
  "findAllByTestId": [Function],
  "findAllByText": [Function],
  "findAllByTitle": [Function],
  "findByAltText": [Function],
  "findByDisplayValue": [Function],
  "findByLabelText": [Function],
  "findByPlaceholderText": [Function],
  "findByRole": [Function],
  "findByTestId": [Function],
  "findByText": [Function],
  "findByTitle": [Function],
  "getAllByAltText": [Function],
  "getAllByDisplayValue": [Function],
  "getAllByLabelText": [Function],
  "getAllByPlaceholderText": [Function],
  "getAllByRole": [Function],
  "getAllByTestId": [Function],
  "getAllByText": [Function],
  "getAllByTitle": [Function],
  "getByAltText": [Function],
  "getByDisplayValue": [Function],
  "getByLabelText": [Function],
  "getByPlaceholderText": [Function],
  "getByRole": [Function],
  "getByTestId": [Function],
  "getByText": [Function],
  "getByTitle": [Function],
  "queryAllByAltText": [Function],
  "queryAllByDisplayValue": [Function],
  "queryAllByLabelText": [Function],
  "queryAllByPlaceholderText": [Function],
  "queryAllByRole": [Function],
  "queryAllByTestId": [Function],
  "queryAllByText": [Function],
  "queryAllByTitle": [Function],
  "queryByAltText": [Function],
  "queryByDisplayValue": [Function],
  "queryByLabelText": [Function],
  "queryByPlaceholderText": [Function],
  "queryByRole": [Function],
  "queryByTestId": [Function],
  "queryByText": [Function],
  "queryByTitle": [Function],
  "rerender": [Function],
  "unmount": [Function],
}
`;
